Flutter crash report.
Please report a bug at https://github.com/flutter/flutter/issues.

## command

flutter run -d web-server --web-port 8080 --dart-define=API_BASE_URL=http://127.0.0.1:5000

## exception

SocketException: SocketException: Error event raised in event handler : error condition has been reset, port = 0

```
#0      _NativeSocket.multiplex (dart:io-patch/socket_patch.dart:1735:30)
#1      _RawReceivePort._handleMessage (dart:isolate-patch/isolate_patch.dart:193:12)
```

## flutter doctor

```
[✓] Flutter (Channel stable, 3.41.9, on Linux Mint 22.3 6.17.0-23-generic, locale en_US.UTF-8)
    [57ms]
    • Flutter version 3.41.9 on channel stable at /home/thanhphuc/development/tools/flutter
    • Upstream repository https://github.com/flutter/flutter.git
    • Framework revision 00b0c91f06 (2 weeks ago), 2026-04-29 10:03:19 -0700
    • Engine revision 42d3d75a56
    • Dart version 3.11.5
    • DevTools version 2.54.2
    • Feature flags: enable-web, enable-linux-desktop, enable-macos-desktop, enable-windows-desktop,
      enable-android, enable-ios, cli-animations, enable-native-assets, omit-legacy-version-file,
      enable-lldb-debugging, enable-uiscene-migration

[✗] Android toolchain - develop for Android devices [20ms]
    ✗ Unable to locate Android SDK.
      Install Android Studio from: https://developer.android.com/studio/index.html
      On first launch it will assist you in installing the Android SDK components.
      (or visit https://flutter.dev/to/linux-android-setup for detailed instructions).
      If the Android SDK has been installed to a custom location, please use
      `flutter config --android-sdk` to update to that location.


[✗] Chrome - develop for the web (Cannot find Chrome executable at google-chrome) [11ms]
    ! Cannot find Chrome. Try setting CHROME_EXECUTABLE to a Chrome executable.

[✓] Linux toolchain - develop for Linux desktop [360ms]
    • Ubuntu clang version 18.1.3 (1ubuntu1)
    • cmake version 3.28.3
    • ninja version 1.11.1
    • pkg-config version 1.8.1
    • OpenGL core renderer: Mesa Intel(R) Iris(R) Xe Graphics (ADL GT2) (X11)
    • OpenGL core version: 4.6 (Core Profile) Mesa 25.2.8-0ubuntu0.24.04.1 (X11)
    • OpenGL core shading language version: 4.60 (X11)
    • OpenGL ES renderer: Mesa Intel(R) Iris(R) Xe Graphics (ADL GT2) (X11)
    • OpenGL ES version: OpenGL ES 3.2 Mesa 25.2.8-0ubuntu0.24.04.1 (X11)
    • OpenGL ES shading language version: OpenGL ES GLSL ES 3.20 (X11)
    • GL_EXT_framebuffer_blit: yes (X11)
    • GL_EXT_texture_format_BGRA8888: yes (X11)

[✓] Connected device (2 available) [23ms]
    • Linux (desktop)  • linux      • linux-x64      • Linux Mint 22.3 6.17.0-23-generic
    • Web Server (web) • web-server • web-javascript • Flutter Tools

[✓] Network resources [469ms]
    • All expected network resources are available.

! Doctor found issues in 2 categories.
```
